C51 COMPILER V9.51   ADC_STATUS_1                                                          11/24/2015 10:02:27 PAGE 1   


C51 COMPILER V9.51, COMPILATION OF MODULE ADC_STATUS_1
OBJECT MODULE PLACED IN .\DP8051_Keil_951\Release\ADC_STATUS_1.obj
COMPILER INVOKED BY: C:\Program Files\Cypress\PSoC Creator\3.3\PSoC Creator\import\keil\pk51\9.51\C51\BIN\c51.exe .\Gene
                    -rated_Source\PSoC3\ADC_STATUS_1.c NOIV LARGE MODDP2 OMF2 VB(1) NOIP INCDIR(.,Generated_Source\PSoC3) FF(3) DB DF(NDEBUG)
                    - WL(2) PR(.\DP8051_Keil_951\Release/ADC_STATUS_1.lst) CD OT(8,SPEED) OJ(.\DP8051_Keil_951\Release\ADC_STATUS_1.obj)

line level    source

*** MESSAGE C286 IN LINE 0 OF (null): license limits optimization to level 5
   1          /*******************************************************************************
   2          * File Name: ADC_STATUS_1.c  
   3          * Version 1.90
   4          *
   5          * Description:
   6          *  This file contains API to enable firmware to read the value of a Status 
   7          *  Register.
   8          *
   9          * Note:
  10          *
  11          ********************************************************************************
  12          * Copyright 2008-2015, Cypress Semiconductor Corporation.  All rights reserved.
  13          * You may use this file only in accordance with the license, terms, conditions, 
  14          * disclaimers, and limitations in the end user license agreement accompanying 
  15          * the software package with which this file was provided.
  16          *******************************************************************************/
  17          
  18          #include "ADC_STATUS_1.h"
  19          
  20          #if !defined(ADC_STATUS_1_sts_sts_reg__REMOVED) /* Check for removal by optimization */
  21          
  22          
  23          /*******************************************************************************
  24          * Function Name: ADC_STATUS_1_Read
  25          ********************************************************************************
  26          *
  27          * Summary:
  28          *  Reads the current value assigned to the Status Register.
  29          *
  30          * Parameters:
  31          *  None.
  32          *
  33          * Return:
  34          *  The current value in the Status Register.
  35          *
  36          *******************************************************************************/
  37          uint8 ADC_STATUS_1_Read(void) 
  38          { 
  39   1          return ADC_STATUS_1_Status;
  40   1      }
  41          
  42          
  43          /*******************************************************************************
  44          * Function Name: ADC_STATUS_1_InterruptEnable
  45          ********************************************************************************
  46          *
  47          * Summary:
  48          *  Enables the Status Register interrupt.
  49          *
  50          * Parameters:
  51          *  None.
  52          *
C51 COMPILER V9.51   ADC_STATUS_1                                                          11/24/2015 10:02:27 PAGE 2   

  53          * Return:
  54          *  None.
  55          *
  56          *******************************************************************************/
  57          void ADC_STATUS_1_InterruptEnable(void) 
  58          {
  59   1          uint8 interruptState;
  60   1          interruptState = CyEnterCriticalSection();
  61   1          ADC_STATUS_1_Status_Aux_Ctrl |= ADC_STATUS_1_STATUS_INTR_ENBL;
  62   1          CyExitCriticalSection(interruptState);
  63   1      }
  64          
  65          
  66          /*******************************************************************************
  67          * Function Name: ADC_STATUS_1_InterruptDisable
  68          ********************************************************************************
  69          *
  70          * Summary:
  71          *  Disables the Status Register interrupt.
  72          *
  73          * Parameters:
  74          *  None.
  75          *
  76          * Return:
  77          *  None.
  78          *
  79          *******************************************************************************/
  80          void ADC_STATUS_1_InterruptDisable(void) 
  81          {
  82   1          uint8 interruptState;
  83   1          interruptState = CyEnterCriticalSection();
  84   1          ADC_STATUS_1_Status_Aux_Ctrl &= (uint8)(~ADC_STATUS_1_STATUS_INTR_ENBL);
  85   1          CyExitCriticalSection(interruptState);
  86   1      }
  87          
  88          
  89          /*******************************************************************************
  90          * Function Name: ADC_STATUS_1_WriteMask
  91          ********************************************************************************
  92          *
  93          * Summary:
  94          *  Writes the current mask value assigned to the Status Register.
  95          *
  96          * Parameters:
  97          *  mask:  Value to write into the mask register.
  98          *
  99          * Return:
 100          *  None.
 101          *
 102          *******************************************************************************/
 103          void ADC_STATUS_1_WriteMask(uint8 mask) 
 104          {
 105   1          #if(ADC_STATUS_1_INPUTS < 8u)
 106   1              mask &= ((uint8)(1u << ADC_STATUS_1_INPUTS) - 1u);
 107   1              #endif /* End ADC_STATUS_1_INPUTS < 8u */
 108   1          ADC_STATUS_1_Status_Mask = mask;
 109   1      }
 110          
 111          
 112          /*******************************************************************************
 113          * Function Name: ADC_STATUS_1_ReadMask
 114          ********************************************************************************
C51 COMPILER V9.51   ADC_STATUS_1                                                          11/24/2015 10:02:27 PAGE 3   

 115          *
 116          * Summary:
 117          *  Reads the current interrupt mask assigned to the Status Register.
 118          *
 119          * Parameters:
 120          *  None.
 121          *
 122          * Return:
 123          *  The value of the interrupt mask of the Status Register.
 124          *
 125          *******************************************************************************/
 126          uint8 ADC_STATUS_1_ReadMask(void) 
 127          {
 128   1          return ADC_STATUS_1_Status_Mask;
 129   1      }
 130          
 131          #endif /* End check for removal by optimization */
 132          
 133          
 134          /* [] END OF FILE */
C51 COMPILER V9.51   ADC_STATUS_1                                                          11/24/2015 10:02:27 PAGE 4   

ASSEMBLY LISTING OF GENERATED OBJECT CODE


             ; FUNCTION ADC_STATUS_1_Read (BEGIN)
                                           ; SOURCE LINE # 37
                                           ; SOURCE LINE # 38
                                           ; SOURCE LINE # 39
0000 906468            MOV     DPTR,#06468H
0003 E0                MOVX    A,@DPTR
0004 FF                MOV     R7,A
                                           ; SOURCE LINE # 40
0005         ?C0001:
0005 22                RET     
             ; FUNCTION ADC_STATUS_1_Read (END)

             ; FUNCTION ADC_STATUS_1_InterruptEnable (BEGIN)
                                           ; SOURCE LINE # 57
                                           ; SOURCE LINE # 58
                                           ; SOURCE LINE # 60
0000 120000      E     LCALL   CyEnterCriticalSection
;---- Variable 'interruptState' assigned to Register 'R7' ----
                                           ; SOURCE LINE # 61
0003 906498            MOV     DPTR,#06498H
0006 E0                MOVX    A,@DPTR
0007 4410              ORL     A,#010H
0009 F0                MOVX    @DPTR,A
                                           ; SOURCE LINE # 62
000A 120000      E     LCALL   _CyExitCriticalSection
                                           ; SOURCE LINE # 63
000D 22                RET     
             ; FUNCTION ADC_STATUS_1_InterruptEnable (END)

             ; FUNCTION ADC_STATUS_1_InterruptDisable (BEGIN)
                                           ; SOURCE LINE # 80
                                           ; SOURCE LINE # 81
                                           ; SOURCE LINE # 83
0000 120000      E     LCALL   CyEnterCriticalSection
;---- Variable 'interruptState' assigned to Register 'R7' ----
                                           ; SOURCE LINE # 84
0003 906498            MOV     DPTR,#06498H
0006 E0                MOVX    A,@DPTR
0007 54EF              ANL     A,#0EFH
0009 F0                MOVX    @DPTR,A
                                           ; SOURCE LINE # 85
000A 120000      E     LCALL   _CyExitCriticalSection
                                           ; SOURCE LINE # 86
000D 22                RET     
             ; FUNCTION ADC_STATUS_1_InterruptDisable (END)

             ; FUNCTION _ADC_STATUS_1_WriteMask (BEGIN)
                                           ; SOURCE LINE # 103
;---- Variable 'mask' assigned to Register 'R7' ----
                                           ; SOURCE LINE # 104
                                           ; SOURCE LINE # 106
0000 EF                MOV     A,R7
0001 5401              ANL     A,#01H
0003 FF                MOV     R7,A
                                           ; SOURCE LINE # 108
0004 906488            MOV     DPTR,#06488H
0007 F0                MOVX    @DPTR,A
                                           ; SOURCE LINE # 109
0008 22                RET     
C51 COMPILER V9.51   ADC_STATUS_1                                                          11/24/2015 10:02:27 PAGE 5   

             ; FUNCTION _ADC_STATUS_1_WriteMask (END)

             ; FUNCTION ADC_STATUS_1_ReadMask (BEGIN)
                                           ; SOURCE LINE # 126
                                           ; SOURCE LINE # 127
                                           ; SOURCE LINE # 128
0000 906488            MOV     DPTR,#06488H
0003 E0                MOVX    A,@DPTR
0004 FF                MOV     R7,A
                                           ; SOURCE LINE # 129
0005         ?C0005:
0005 22                RET     
             ; FUNCTION ADC_STATUS_1_ReadMask (END)



MODULE INFORMATION:   STATIC OVERLAYABLE
   CODE SIZE        =     49    ----
   CONSTANT SIZE    =   ----    ----
   XDATA SIZE       =   ----    ----
   PDATA SIZE       =   ----    ----
   DATA SIZE        =   ----    ----
   IDATA SIZE       =   ----    ----
   BIT SIZE         =   ----    ----
   EDATA SIZE       =   ----    ----
   HDATA SIZE       =   ----    ----
   XDATA CONST SIZE =   ----    ----
   FAR CONST SIZE   =   ----    ----
END OF MODULE INFORMATION.


C51 COMPILATION COMPLETE.  0 WARNING(S),  0 ERROR(S)
