C51 COMPILER V9.51   ADC_SOC_1                                                             11/18/2015 10:42:20 PAGE 1   


C51 COMPILER V9.51, COMPILATION OF MODULE ADC_SOC_1
OBJECT MODULE PLACED IN .\DP8051_Keil_951\Release\ADC_SOC_1.obj
COMPILER INVOKED BY: C:\Program Files\Cypress\PSoC Creator\3.3\PSoC Creator\import\keil\pk51\9.51\C51\BIN\c51.exe .\Gene
                    -rated_Source\PSoC3\ADC_SOC_1.c NOIV LARGE MODDP2 OMF2 VB(1) NOIP INCDIR(.,Generated_Source\PSoC3) FF(3) DB DF(NDEBUG) WL
                    -(2) PR(.\DP8051_Keil_951\Release/ADC_SOC_1.lst) CD OT(8,SPEED) OJ(.\DP8051_Keil_951\Release\ADC_SOC_1.obj)

line level    source

*** MESSAGE C286 IN LINE 0 OF (null): license limits optimization to level 5
   1          /*******************************************************************************
   2          * File Name: ADC_SOC_1.c  
   3          * Version 1.80
   4          *
   5          * Description:
   6          *  This file contains API to enable firmware control of a Control Register.
   7          *
   8          * Note:
   9          *
  10          ********************************************************************************
  11          * Copyright 2008-2015, Cypress Semiconductor Corporation.  All rights reserved.
  12          * You may use this file only in accordance with the license, terms, conditions, 
  13          * disclaimers, and limitations in the end user license agreement accompanying 
  14          * the software package with which this file was provided.
  15          *******************************************************************************/
  16          
  17          #include "ADC_SOC_1.h"
  18          
  19          /* Check for removal by optimization */
  20          #if !defined(ADC_SOC_1_Sync_ctrl_reg__REMOVED)
              
                  
              /*******************************************************************************
              * Function Name: ADC_SOC_1_Write
              ********************************************************************************
              *
              * Summary:
              *  Write a byte to the Control Register.
              *
              * Parameters:
              *  control:  The value to be assigned to the Control Register.
              *
              * Return:
              *  None.
              *
              *******************************************************************************/
              void ADC_SOC_1_Write(uint8 control) 
              {
                  ADC_SOC_1_Control = control;
              }
              
              
              /*******************************************************************************
              * Function Name: ADC_SOC_1_Read
              ********************************************************************************
              *
              * Summary:
              *  Reads the current value assigned to the Control Register.
              *
              * Parameters:
              *  None.
              *
C51 COMPILER V9.51   ADC_SOC_1                                                             11/18/2015 10:42:20 PAGE 2   

              * Return:
              *  Returns the current value in the Control Register.
              *
              *******************************************************************************/
              uint8 ADC_SOC_1_Read(void) 
              {
                  return ADC_SOC_1_Control;
              }
              
              #endif /* End check for removal by optimization */
  63          
  64          
  65          /* [] END OF FILE */
C51 COMPILER V9.51   ADC_SOC_1                                                             11/18/2015 10:42:20 PAGE 3   

ASSEMBLY LISTING OF GENERATED OBJECT CODE




MODULE INFORMATION:   STATIC OVERLAYABLE
   CODE SIZE        =   ----    ----
   CONSTANT SIZE    =   ----    ----
   XDATA SIZE       =   ----    ----
   PDATA SIZE       =   ----    ----
   DATA SIZE        =   ----    ----
   IDATA SIZE       =   ----    ----
   BIT SIZE         =   ----    ----
   EDATA SIZE       =   ----    ----
   HDATA SIZE       =   ----    ----
   XDATA CONST SIZE =   ----    ----
   FAR CONST SIZE   =   ----    ----
END OF MODULE INFORMATION.


C51 COMPILATION COMPLETE.  0 WARNING(S),  0 ERROR(S)
