C51 COMPILER V9.51   EMG_2                                                                 02/07/2017 16:12:24 PAGE 1   


C51 COMPILER V9.51, COMPILATION OF MODULE EMG_2
OBJECT MODULE PLACED IN .\DP8051_Keil_951\Release\EMG_2.obj
COMPILER INVOKED BY: C:\Program Files (x86)\Cypress\PSoC Creator\4.0\PSoC Creator\import\keil\pk51\9.51\C51\BIN\c51.exe 
                    -Generated_Source\PSoC3\EMG_2.c NOIV LARGE MODDP2 OMF2 VB(1) NOIP INCDIR(.,Generated_Source\PSoC3) FF(3) DB DF(NDEBUG) WL
                    -(2) PR(.\DP8051_Keil_951\Release/EMG_2.lst) CD OT(8,SPEED) OJ(.\DP8051_Keil_951\Release\EMG_2.obj)

line level    source

*** MESSAGE C286 IN LINE 0 OF (null): license limits optimization to level 5
   1          /*******************************************************************************
   2          * File Name: EMG_2.c  
   3          * Version 2.20
   4          *
   5          * Description:
   6          *  This file contains API to enable firmware control of a Pins component.
   7          *
   8          * Note:
   9          *
  10          ********************************************************************************
  11          * Copyright 2008-2015, Cypress Semiconductor Corporation.  All rights reserved.
  12          * You may use this file only in accordance with the license, terms, conditions, 
  13          * disclaimers, and limitations in the end user license agreement accompanying 
  14          * the software package with which this file was provided.
  15          *******************************************************************************/
  16          
  17          #include "cytypes.h"
  18          #include "EMG_2.h"
  19          
  20          
  21          /*******************************************************************************
  22          * Function Name: EMG_2_Write
  23          ****************************************************************************//**
  24          *
  25          * \brief Writes the value to the physical port (data output register), masking
  26          *  and shifting the bits appropriately. 
  27          *
  28          * The data output register controls the signal applied to the physical pin in 
  29          * conjunction with the drive mode parameter. This function avoids changing 
  30          * other bits in the port by using the appropriate method (read-modify-write or
  31          * bit banding).
  32          *
  33          * <b>Note</b> This function should not be used on a hardware digital output pin 
  34          * as it is driven by the hardware signal attached to it.
  35          *
  36          * \param value
  37          *  Value to write to the component instance.
  38          *
  39          * \return 
  40          *  None 
  41          *
  42          * \sideeffect
  43          *  If you use read-modify-write operations that are not atomic; the Interrupt 
  44          *  Service Routines (ISR) can cause corruption of this function. An ISR that 
  45          *  interrupts this function and performs writes to the Pins component data 
  46          *  register can cause corrupted port data. To avoid this issue, you should 
  47          *  either use the Per-Pin APIs (primary method) or disable interrupts around 
  48          *  this function.
  49          *
  50          * \funcusage
  51          *  \snippet EMG_2_SUT.c usage_EMG_2_Write
  52          *******************************************************************************/
C51 COMPILER V9.51   EMG_2                                                                 02/07/2017 16:12:24 PAGE 2   

  53          void EMG_2_Write(uint8 value) 
  54          {
  55   1          uint8 staticBits = (EMG_2_DR & (uint8)(~EMG_2_MASK));
  56   1          EMG_2_DR = staticBits | ((uint8)(value << EMG_2_SHIFT) & EMG_2_MASK);
  57   1      }
  58          
  59          
  60          /*******************************************************************************
  61          * Function Name: EMG_2_SetDriveMode
  62          ****************************************************************************//**
  63          *
  64          * \brief Sets the drive mode for each of the Pins component's pins.
  65          * 
  66          * <b>Note</b> This affects all pins in the Pins component instance. Use the
  67          * Per-Pin APIs if you wish to control individual pin's drive modes.
  68          *
  69          * \param mode
  70          *  Mode for the selected signals. Valid options are documented in 
  71          *  \ref driveMode.
  72          *
  73          * \return
  74          *  None
  75          *
  76          * \sideeffect
  77          *  If you use read-modify-write operations that are not atomic, the ISR can
  78          *  cause corruption of this function. An ISR that interrupts this function 
  79          *  and performs writes to the Pins component Drive Mode registers can cause 
  80          *  corrupted port data. To avoid this issue, you should either use the Per-Pin
  81          *  APIs (primary method) or disable interrupts around this function.
  82          *
  83          * \funcusage
  84          *  \snippet EMG_2_SUT.c usage_EMG_2_SetDriveMode
  85          *******************************************************************************/
  86          void EMG_2_SetDriveMode(uint8 mode) 
  87          {
  88   1              CyPins_SetPinDriveMode(EMG_2_0, mode);
  89   1      }
  90          
  91          
  92          /*******************************************************************************
  93          * Function Name: EMG_2_Read
  94          ****************************************************************************//**
  95          *
  96          * \brief Reads the associated physical port (pin status register) and masks 
  97          *  the required bits according to the width and bit position of the component
  98          *  instance. 
  99          *
 100          * The pin's status register returns the current logic level present on the 
 101          * physical pin.
 102          *
 103          * \return 
 104          *  The current value for the pins in the component as a right justified number.
 105          *
 106          * \funcusage
 107          *  \snippet EMG_2_SUT.c usage_EMG_2_Read  
 108          *******************************************************************************/
 109          uint8 EMG_2_Read(void) 
 110          {
 111   1          return (EMG_2_PS & EMG_2_MASK) >> EMG_2_SHIFT;
 112   1      }
 113          
 114          
C51 COMPILER V9.51   EMG_2                                                                 02/07/2017 16:12:24 PAGE 3   

 115          /*******************************************************************************
 116          * Function Name: EMG_2_ReadDataReg
 117          ****************************************************************************//**
 118          *
 119          * \brief Reads the associated physical port's data output register and masks 
 120          *  the correct bits according to the width and bit position of the component 
 121          *  instance. 
 122          *
 123          * The data output register controls the signal applied to the physical pin in 
 124          * conjunction with the drive mode parameter. This is not the same as the 
 125          * preferred EMG_2_Read() API because the 
 126          * EMG_2_ReadDataReg() reads the data register instead of the status 
 127          * register. For output pins this is a useful function to determine the value 
 128          * just written to the pin.
 129          *
 130          * \return 
 131          *  The current value of the data register masked and shifted into a right 
 132          *  justified number for the component instance.
 133          *
 134          * \funcusage
 135          *  \snippet EMG_2_SUT.c usage_EMG_2_ReadDataReg 
 136          *******************************************************************************/
 137          uint8 EMG_2_ReadDataReg(void) 
 138          {
 139   1          return (EMG_2_DR & EMG_2_MASK) >> EMG_2_SHIFT;
 140   1      }
 141          
 142          
 143          /* If interrupt is connected for this Pins component */ 
 144          #if defined(EMG_2_INTSTAT) 
              
                  /*******************************************************************************
                  * Function Name: EMG_2_SetInterruptMode
                  ****************************************************************************//**
                  *
                  * \brief Configures the interrupt mode for each of the Pins component's
                  *  pins. Alternatively you may set the interrupt mode for all the pins
                  *  specified in the Pins component.
                  *
                  *  <b>Note</b> The interrupt is port-wide and therefore any enabled pin
                  *  interrupt may trigger it.
                  *
                  * \param position
                  *  The pin position as listed in the Pins component. You may OR these to be 
                  *  able to configure the interrupt mode of multiple pins within a Pins 
                  *  component. Or you may use EMG_2_INTR_ALL to configure the
                  *  interrupt mode of all the pins in the Pins component.       
                  *  - EMG_2_0_INTR       (First pin in the list)
                  *  - EMG_2_1_INTR       (Second pin in the list)
                  *  - ...
                  *  - EMG_2_INTR_ALL     (All pins in Pins component)
                  *
                  * \param mode
                  *  Interrupt mode for the selected pins. Valid options are documented in
                  *  \ref intrMode.
                  *
                  * \return 
                  *  None
                  *  
                  * \sideeffect
                  *  It is recommended that the interrupt be disabled before calling this 
                  *  function to avoid unintended interrupt requests. Note that the interrupt
C51 COMPILER V9.51   EMG_2                                                                 02/07/2017 16:12:24 PAGE 4   

                  *  type is port wide, and therefore will trigger for any enabled pin on the 
                  *  port.
                  *
                  * \funcusage
                  *  \snippet EMG_2_SUT.c usage_EMG_2_SetInterruptMode
                  *******************************************************************************/
                  void EMG_2_SetInterruptMode(uint16 position, uint16 mode) 
                                          
                  {
                              if((position & EMG_2_0_INTR) != 0u) 
                              { 
                                       EMG_2_0_INTTYPE_REG = (uint8)mode; 
                              }
                  }
                  
                  
                  /*******************************************************************************
                  * Function Name: EMG_2_ClearInterrupt
                  ****************************************************************************//**
                  *
                  * \brief Clears any active interrupts attached with the component and returns 
                  *  the value of the interrupt status register allowing determination of which
                  *  pins generated an interrupt event.
                  *
                  * \return 
                  *  The right-shifted current value of the interrupt status register. Each pin 
                  *  has one bit set if it generated an interrupt event. For example, bit 0 is 
                  *  for pin 0 and bit 1 is for pin 1 of the Pins component.
                  *  
                  * \sideeffect
                  *  Clears all bits of the physical port's interrupt status register, not just
                  *  those associated with the Pins component.
                  *
                  * \funcusage
                  *  \snippet EMG_2_SUT.c usage_EMG_2_ClearInterrupt
                  *******************************************************************************/
                  uint8 EMG_2_ClearInterrupt(void) 
                  {
                      return (EMG_2_INTSTAT & EMG_2_MASK) >> EMG_2_SHIFT;
                  }
              
              #endif /* (EMG_2_INTSTAT) */ 
 219          
 220          
 221          /* [] END OF FILE */
C51 COMPILER V9.51   EMG_2                                                                 02/07/2017 16:12:24 PAGE 5   

ASSEMBLY LISTING OF GENERATED OBJECT CODE


             ; FUNCTION _EMG_2_Write (BEGIN)
                                           ; SOURCE LINE # 53
;---- Variable 'value' assigned to Register 'R7' ----
                                           ; SOURCE LINE # 54
                                           ; SOURCE LINE # 55
0000 905100            MOV     DPTR,#05100H
0003 E0                MOVX    A,@DPTR
0004 54EF              ANL     A,#0EFH
0006 FE                MOV     R6,A
;---- Variable 'staticBits' assigned to Register 'R6' ----
                                           ; SOURCE LINE # 56
0007 EF                MOV     A,R7
0008 C4                SWAP    A
0009 5410              ANL     A,#010H
000B 4E                ORL     A,R6
000C F0                MOVX    @DPTR,A
                                           ; SOURCE LINE # 57
000D 22                RET     
             ; FUNCTION _EMG_2_Write (END)

             ; FUNCTION _EMG_2_SetDriveMode (BEGIN)
                                           ; SOURCE LINE # 86
;---- Variable 'mode' assigned to Register 'R7' ----
                                           ; SOURCE LINE # 87
                                           ; SOURCE LINE # 88
0000 EF                MOV     A,R7
0001 540E              ANL     A,#0EH
0003 FF                MOV     R7,A
0004 905004            MOV     DPTR,#05004H
0007 E0                MOVX    A,@DPTR
0008 54F1              ANL     A,#0F1H
000A 4F                ORL     A,R7
000B F0                MOVX    @DPTR,A
                                           ; SOURCE LINE # 89
000C 22                RET     
             ; FUNCTION _EMG_2_SetDriveMode (END)

             ; FUNCTION EMG_2_Read (BEGIN)
                                           ; SOURCE LINE # 109
                                           ; SOURCE LINE # 110
                                           ; SOURCE LINE # 111
0000 905101            MOV     DPTR,#05101H
0003 E0                MOVX    A,@DPTR
0004 5410              ANL     A,#010H
0006 FF                MOV     R7,A
0007 E4                CLR     A
0008 C4                SWAP    A
0009 F8                MOV     R0,A
000A 54F0              ANL     A,#0F0H
000C C8                XCH     A,R0
000D 68                XRL     A,R0
000E EF                MOV     A,R7
000F C4                SWAP    A
0010 540F              ANL     A,#0FH
0012 48                ORL     A,R0
0013 FF                MOV     R7,A
                                           ; SOURCE LINE # 112
0014         ?C0003:
0014 22                RET     
C51 COMPILER V9.51   EMG_2                                                                 02/07/2017 16:12:24 PAGE 6   

             ; FUNCTION EMG_2_Read (END)

             ; FUNCTION EMG_2_ReadDataReg (BEGIN)
                                           ; SOURCE LINE # 137
                                           ; SOURCE LINE # 138
                                           ; SOURCE LINE # 139
0000 905100            MOV     DPTR,#05100H
0003 E0                MOVX    A,@DPTR
0004 5410              ANL     A,#010H
0006 FF                MOV     R7,A
0007 E4                CLR     A
0008 C4                SWAP    A
0009 F8                MOV     R0,A
000A 54F0              ANL     A,#0F0H
000C C8                XCH     A,R0
000D 68                XRL     A,R0
000E EF                MOV     A,R7
000F C4                SWAP    A
0010 540F              ANL     A,#0FH
0012 48                ORL     A,R0
0013 FF                MOV     R7,A
                                           ; SOURCE LINE # 140
0014         ?C0004:
0014 22                RET     
             ; FUNCTION EMG_2_ReadDataReg (END)



MODULE INFORMATION:   STATIC OVERLAYABLE
   CODE SIZE        =     69    ----
   CONSTANT SIZE    =   ----    ----
   XDATA SIZE       =   ----    ----
   PDATA SIZE       =   ----    ----
   DATA SIZE        =   ----    ----
   IDATA SIZE       =   ----    ----
   BIT SIZE         =   ----    ----
   EDATA SIZE       =   ----    ----
   HDATA SIZE       =   ----    ----
   XDATA CONST SIZE =   ----    ----
   FAR CONST SIZE   =   ----    ----
END OF MODULE INFORMATION.


C51 COMPILATION COMPLETE.  0 WARNING(S),  0 ERROR(S)
